// Jest Snapshot v1, https://goo.gl/fbAQLP

exports[`BookItem - unit should mount the component 1`] = `
<a
  class="list-group-item list-group-item-action d-flex justify-content-between align-items-center"
  href="http://books.google.com.br/books?id=H0taAAAAYAAJ&dq=a&hl=&source=gbs_api"
  target="_blank"
>
  <div
    class="flex-column"
  >
    <h5>
      
            Livro 1
        
    </h5>
     
    <p>
      <small>
        by Author 1, Author 2
      </small>
    </p>
     
    <p>
      <small>
        published at 2020
      </small>
    </p>
  </div>
   
  <div
    class="image-parent"
  >
    <img
      class="book-thumb"
      src="http://books.google.com/books/content?id=H0taAAAAYAAJ&printsec=frontcover&img=1&zoom=5&source=gbs_api"
    />
  </div>
</a>
`;
